EN cla_block NULL "C:/Users/ASHISH KUMAR/Desktop/DD LAB/EXP 3/cla_block.vhd" sub00/vhpl00 1628220446
EN cla_adder NULL "C:/Users/ASHISH KUMAR/Desktop/DD LAB/EXP 3/cla_adder.vhd" sub00/vhpl02 1628220448
AR cla_adder behavioral "C:/Users/ASHISH KUMAR/Desktop/DD LAB/EXP 3/cla_adder.vhd" sub00/vhpl03 1628220449
AR cla_block behavioral "C:/Users/ASHISH KUMAR/Desktop/DD LAB/EXP 3/cla_block.vhd" sub00/vhpl01 1628220447
