V3 3
FL "C:/VHDL programming/Treg01SynRst/Treg01SynRst.vhd" 2021/08/09.01:19:17 P.20131013
EN work/Treg01SynRst 1628452159 \
      FL "C:/VHDL programming/Treg01SynRst/Treg01SynRst.vhd" \
      PB ieee/std_logic_1164 1381692176
AR work/Treg01SynRst/Arch001 1628452160 \
      FL "C:/VHDL programming/Treg01SynRst/Treg01SynRst.vhd" EN work/Treg01SynRst 1628452159
