Release 14.7 - xst P.20131013 (nt64)
Copyright (c) 1995-2013 Xilinx, Inc.  All rights reserved.
--> Parameter TMPDIR set to xst/projnav.tmp


Total REAL time to Xst completion: 0.00 secs
Total CPU time to Xst completion: 0.22 secs
 
--> Parameter xsthdpdir set to xst


Total REAL time to Xst completion: 0.00 secs
Total CPU time to Xst completion: 0.23 secs
 
--> Reading design: cla_adder.prj

TABLE OF CONTENTS
  1) Synthesis Options Summary
  2) HDL Compilation
  3) Design Hierarchy Analysis
  4) HDL Analysis
  5) HDL Synthesis
     5.1) HDL Synthesis Report
  6) Advanced HDL Synthesis
     6.1) Advanced HDL Synthesis Report
  7) Low Level Synthesis
  8) Partition Report
  9) Final Report
	9.1) Device utilization summary
	9.2) Partition Resource Summary
	9.3) TIMING REPORT


=========================================================================
*                      Synthesis Options Summary                        *
=========================================================================
---- Source Parameters
Input File Name                    : "cla_adder.prj"
Input Format                       : mixed
Ignore Synthesis Constraint File   : NO

---- Target Parameters
Output File Name                   : "cla_adder"
Output Format                      : NGC
Target Device                      : xc3s50-4-pq208

---- Source Options
Top Module Name                    : cla_adder
Automatic FSM Extraction           : YES
FSM Encoding Algorithm             : Auto
Safe Implementation                : No
FSM Style                          : LUT
RAM Extraction                     : Yes
RAM Style                          : Auto
ROM Extraction                     : Yes
Mux Style                          : Auto
Decoder Extraction                 : YES
Priority Encoder Extraction        : Yes
Shift Register Extraction          : YES
Logical Shifter Extraction         : YES
XOR Collapsing                     : YES
ROM Style                          : Auto
Mux Extraction                     : Yes
Resource Sharing                   : YES
Asynchronous To Synchronous        : NO
Multiplier Style                   : Auto
Automatic Register Balancing       : No

---- Target Options
Add IO Buffers                     : YES
Global Maximum Fanout              : 100000
Add Generic Clock Buffer(BUFG)     : 8
Register Duplication               : YES
Slice Packing                      : YES
Optimize Instantiated Primitives   : NO
Use Clock Enable                   : Yes
Use Synchronous Set                : Yes
Use Synchronous Reset              : Yes
Pack IO Registers into IOBs        : Auto
Equivalent register Removal        : YES

---- General Options
Optimization Goal                  : Speed
Optimization Effort                : 1
Keep Hierarchy                     : No
Netlist Hierarchy                  : As_Optimized
RTL Output                         : Yes
Global Optimization                : AllClockNets
Read Cores                         : YES
Write Timing Constraints           : NO
Cross Clock Analysis               : NO
Hierarchy Separator                : /
Bus Delimiter                      : <>
Case Specifier                     : Maintain
Slice Utilization Ratio            : 100
BRAM Utilization Ratio             : 100
Verilog 2001                       : YES
Auto BRAM Packing                  : NO
Slice Utilization Ratio Delta      : 5

=========================================================================


=========================================================================
*                          HDL Compilation                              *
=========================================================================
WARNING:HDLParsers:3607 - Unit work/cla_adder is now defined in a different file.  It was defined in "C:/Users/ASHISH KUMAR/Desktop/DD LAB/cla/cla_adder.vhd", and is now defined in "C:/Users/ASHISH KUMAR/Desktop/DD LAB/EXP 3/cla_adder.vhd".
WARNING:HDLParsers:3607 - Unit work/cla_adder/Behavioral is now defined in a different file.  It was defined in "C:/Users/ASHISH KUMAR/Desktop/DD LAB/cla/cla_adder.vhd", and is now defined in "C:/Users/ASHISH KUMAR/Desktop/DD LAB/EXP 3/cla_adder.vhd".
WARNING:HDLParsers:3607 - Unit work/cla_block is now defined in a different file.  It was defined in "C:/Users/ASHISH KUMAR/Desktop/DD LAB/cla/cla_block.vhd", and is now defined in "C:/Users/ASHISH KUMAR/Desktop/DD LAB/EXP 3/cla_block.vhd".
WARNING:HDLParsers:3607 - Unit work/cla_block/Behavioral is now defined in a different file.  It was defined in "C:/Users/ASHISH KUMAR/Desktop/DD LAB/cla/cla_block.vhd", and is now defined in "C:/Users/ASHISH KUMAR/Desktop/DD LAB/EXP 3/cla_block.vhd".
Compiling vhdl file "C:/Users/ASHISH KUMAR/Desktop/DD LAB/EXP 3/cla_block.vhd" in Library work.
Architecture behavioral of Entity cla_block is up to date.
Compiling vhdl file "C:/Users/ASHISH KUMAR/Desktop/DD LAB/EXP 3/cla_adder.vhd" in Library work.
Architecture behavioral of Entity cla_adder is up to date.

=========================================================================
*                     Design Hierarchy Analysis                         *
=========================================================================
Analyzing hierarchy for entity <cla_adder> in library <work> (architecture <behavioral>).

Analyzing hierarchy for entity <cla_block> in library <work> (architecture <behavioral>).


=========================================================================
*                            HDL Analysis                               *
=========================================================================
Analyzing Entity <cla_adder> in library <work> (Architecture <behavioral>).
Entity <cla_adder> analyzed. Unit <cla_adder> generated.

Analyzing Entity <cla_block> in library <work> (Architecture <behavioral>).
Entity <cla_block> analyzed. Unit <cla_block> generated.


=========================================================================
*                           HDL Synthesis                               *
=========================================================================

Performing bidirectional port resolution...

Synthesizing Unit <cla_block>.
    Related source file is "C:/Users/ASHISH KUMAR/Desktop/DD LAB/EXP 3/cla_block.vhd".
Unit <cla_block> synthesized.


Synthesizing Unit <cla_adder>.
    Related source file is "C:/Users/ASHISH KUMAR/Desktop/DD LAB/EXP 3/cla_adder.vhd".
    Found 4-bit xor2 for signal <S>.
    Found 4-bit xor2 for signal <P>.
Unit <cla_adder> synthesized.


=========================================================================
HDL Synthesis Report

Macro Statistics
# Xors                                                 : 2
 4-bit xor2                                            : 2

=========================================================================

=========================================================================
*                       Advanced HDL Synthesis                          *
=========================================================================


=========================================================================
Advanced HDL Synthesis Report

Macro Statistics
# Xors                                                 : 2
 4-bit xor2                                            : 2

=========================================================================

=========================================================================
*                         Low Level Synthesis                           *
=========================================================================

Optimizing unit <cla_adder> ...

Mapping all equations...
Building and optimizing final netlist ...
Found area constraint ratio of 100 (+ 5) on block cla_adder, actual ratio is 0.

Final Macro Processing ...

=========================================================================
Final Register Report

Found no macro
=========================================================================

=========================================================================
*                           Partition Report                            *
=========================================================================

Partition Implementation Status
-------------------------------

  No Partitions were found in this design.

-------------------------------

=========================================================================
*                            Final Report                               *
=========================================================================
Final Results
RTL Top Level Output File Name     : cla_adder.ngr
Top Level Output File Name         : cla_adder
Output Format                      : NGC
Optimization Goal                  : Speed
Keep Hierarchy                     : No

Design Statistics
# IOs                              : 14

Cell Usage :
# BELS                             : 8
#      LUT3                        : 8
# IO Buffers                       : 14
#      IBUF                        : 9
#      OBUF                        : 5
=========================================================================

Device utilization summary:
---------------------------

Selected Device : 3s50pq208-4 

 Number of Slices:                        4  out of    768     0%  
 Number of 4 input LUTs:                  8  out of   1536     0%  
 Number of IOs:                          14
 Number of bonded IOBs:                  14  out of    124    11%  

---------------------------
Partition Resource Summary:
---------------------------

  No Partitions were found in this design.

---------------------------


=========================================================================
TIMING REPORT

NOTE: THESE TIMING NUMBERS ARE ONLY A SYNTHESIS ESTIMATE.
      FOR ACCURATE TIMING INFORMATION PLEASE REFER TO THE TRACE REPORT
      GENERATED AFTER PLACE-and-ROUTE.

Clock Information:
------------------
No clock signals found in this design

Asynchronous Control Signals Information:
----------------------------------------
No asynchronous control signals found in this design

Timing Summary:
---------------
Speed Grade: -4

   Minimum period: No path found
   Minimum input arrival time before clock: No path found
   Maximum output required time after clock: No path found
   Maximum combinational path delay: 13.648ns

Timing Detail:
--------------
All values displayed in nanoseconds (ns)

=========================================================================
Timing constraint: Default path analysis
  Total number of paths / destination ports: 33 / 5
-------------------------------------------------------------------------
Delay:               13.648ns (Levels of Logic = 6)
  Source:            B<0> (PAD)
  Destination:       cout (PAD)

  Data Path: B<0> to cout
                                Gate     Net
    Cell:in->out      fanout   Delay   Delay  Logical Name (Net Name)
    ----------------------------------------  ------------
     IBUF:I->O             2   0.821   1.216  B_0_IBUF (B_0_IBUF)
     LUT3:I0->O            2   0.551   0.945  Mxor_S_Result<1>11 (N11)
     LUT3:I2->O            2   0.551   1.072  gen_c/C_4_or000011 (N01)
     LUT3:I1->O            2   0.551   0.945  gen_c/C_3_or00001 (C<3>)
     LUT3:I2->O            1   0.551   0.801  gen_c/C_4_or00001 (cout_OBUF)
     OBUF:I->O                 5.644          cout_OBUF (cout)
    ----------------------------------------
    Total                     13.648ns (8.669ns logic, 4.979ns route)
                                       (63.5% logic, 36.5% route)

=========================================================================


Total REAL time to Xst completion: 11.00 secs
Total CPU time to Xst completion: 10.96 secs
 
--> 

Total memory usage is 4505756 kilobytes

Number of errors   :    0 (   0 filtered)
Number of warnings :    4 (   0 filtered)
Number of infos    :    0 (   0 filtered)

