V3 3
FL "C:/VHDL programming/Treg01AsynRst/Treg01AsynRst.vhd" 2021/08/09.00:58:05 P.20131013
EN work/Treg01AsynRst 1628450886 \
      FL "C:/VHDL programming/Treg01AsynRst/Treg01AsynRst.vhd" \
      PB ieee/std_logic_1164 1381692176
AR work/Treg01AsynRst/ARCH001 1628450887 \
      FL "C:/VHDL programming/Treg01AsynRst/Treg01AsynRst.vhd" \
      EN work/Treg01AsynRst 1628450886
