--------------------------------------------------------------------------------
Release 14.7 Trace  (nt64)
Copyright (c) 1995-2013 Xilinx, Inc.  All rights reserved.

C:\Xilinx\14.7\ISE_DS\ISE\bin\nt64\unwrapped\trce.exe -intstyle ise -v 3 -s 4
-n 3 -fastpaths -xml CLAA4.twx CLAA4.ncd -o CLAA4.twr CLAA4.pcf

Design file:              CLAA4.ncd
Physical constraint file: CLAA4.pcf
Device,package,speed:     xc3s50,pq208,-4 (PRODUCTION 1.39 2013-10-13)
Report level:             verbose report

Environment Variable      Effect 
--------------------      ------ 
NONE                      No environment variables were set
--------------------------------------------------------------------------------

INFO:Timing:2698 - No timing constraints found, doing default enumeration.
INFO:Timing:3412 - To improve timing, see the Timing Closure User Guide (UG612).
INFO:Timing:2752 - To get complete path coverage, use the unconstrained paths 
   option. All paths that are not constrained will be reported in the 
   unconstrained paths section(s) of the report.
INFO:Timing:3339 - The clock-to-out numbers in this timing report are based on 
   a 50 Ohm transmission line loading model.  For the details of this model, 
   and for more information on accounting for different loading conditions, 
   please see the device datasheet.
INFO:Timing:3390 - This architecture does not support a default System Jitter 
   value, please add SYSTEM_JITTER constraint to the UCF to modify the Clock 
   Uncertainty calculation.
INFO:Timing:3389 - This architecture does not support 'Discrete Jitter' and 
   'Phase Error' calculations, these terms will be zero in the Clock 
   Uncertainty calculation.  Please make appropriate modification to 
   SYSTEM_JITTER to account for the unsupported Discrete Jitter and Phase 
   Error.



Data Sheet report:
-----------------
All values displayed in nanoseconds (ns)

Pad to Pad
---------------+---------------+---------+
Source Pad     |Destination Pad|  Delay  |
---------------+---------------+---------+
a<0>           |Sum<0>         |    7.422|
a<0>           |Sum<1>         |    8.526|
a<0>           |Sum<2>         |    9.464|
a<0>           |Sum<3>         |   10.060|
a<0>           |cout           |   10.095|
a<0>           |ovfl           |    9.840|
a<1>           |Sum<1>         |    7.806|
a<1>           |Sum<2>         |    8.786|
a<1>           |Sum<3>         |    9.382|
a<1>           |cout           |    9.417|
a<1>           |ovfl           |    9.162|
a<2>           |Sum<2>         |    8.246|
a<2>           |Sum<3>         |    9.179|
a<2>           |cout           |    9.214|
a<2>           |ovfl           |    8.959|
a<3>           |Sum<3>         |    8.361|
a<3>           |cout           |    7.856|
a<3>           |ovfl           |    8.143|
b<0>           |Sum<0>         |    7.201|
b<0>           |Sum<1>         |    8.642|
b<0>           |Sum<2>         |    9.580|
b<0>           |Sum<3>         |   10.176|
b<0>           |cout           |   10.211|
b<0>           |ovfl           |    9.956|
b<1>           |Sum<1>         |    7.706|
b<1>           |Sum<2>         |    9.140|
b<1>           |Sum<3>         |    9.736|
b<1>           |cout           |    9.771|
b<1>           |ovfl           |    9.516|
b<2>           |Sum<2>         |    8.205|
b<2>           |Sum<3>         |    8.674|
b<2>           |cout           |    8.709|
b<2>           |ovfl           |    8.454|
b<3>           |Sum<3>         |    8.533|
b<3>           |cout           |    7.620|
b<3>           |ovfl           |    7.894|
cin            |Sum<1>         |    9.127|
cin            |Sum<2>         |   10.065|
cin            |Sum<3>         |   10.661|
cin            |cout           |   10.696|
cin            |ovfl           |   10.441|
---------------+---------------+---------+


Analysis completed Tue Aug 10 19:42:31 2021 
--------------------------------------------------------------------------------

Trace Settings:
-------------------------
Trace Settings 

Peak Memory Usage: 4470 MB



