AR allgates_source dataflow "C:/Users/ASHISH KUMAR/Desktop/DD LAB/gates/gates.vhd" sub00/vhpl01 1628174477
AR gates arch "C:/Users/ASHISH KUMAR/Desktop/DD LAB/EXP 1/gates/gates.vhd" sub00/vhpl03 1628270621
EN gates NULL "C:/Users/ASHISH KUMAR/Desktop/DD LAB/EXP 1/gates/gates.vhd" sub00/vhpl02 1628270620
EN allgates_source NULL "C:/Users/ASHISH KUMAR/Desktop/DD LAB/gates/gates.vhd" sub00/vhpl00 1628174476
