V3 3
FL "C:/VHDL programming/Dreg01AsynRst/Dreg01AsynRst.vhd" 2021/08/09.00:36:46 P.20131013
EN work/Dreg01AsynRst 1628449608 \
      FL "C:/VHDL programming/Dreg01AsynRst/Dreg01AsynRst.vhd" \
      PB ieee/std_logic_1164 1381692176
AR work/Dreg01AsynRst/ARCH001 1628449609 \
      FL "C:/VHDL programming/Dreg01AsynRst/Dreg01AsynRst.vhd" \
      EN work/Dreg01AsynRst 1628449608
